\BOOKMARK [1][-]{section.1}{\376\377\000E\000x\000e\000c\000u\000t\000i\000v\000e\000\040\000S\000u\000m\000m\000a\000r\000y}{}% 1
\BOOKMARK [1][-]{section.2}{\376\377\000S\000y\000s\000t\000e\000m\000\040\000A\000r\000c\000h\000i\000t\000e\000c\000t\000u\000r\000e}{}% 2
\BOOKMARK [2][-]{subsection.2.1}{\376\377\000I\000n\000f\000r\000a\000s\000t\000r\000u\000c\000t\000u\000r\000e\000\040\000D\000i\000a\000g\000r\000a\000m}{section.2}% 3
\BOOKMARK [2][-]{subsection.2.2}{\376\377\000T\000e\000c\000h\000n\000o\000l\000o\000g\000y\000\040\000S\000t\000a\000c\000k}{section.2}% 4
\BOOKMARK [1][-]{section.3}{\376\377\000F\000e\000a\000t\000u\000r\000e\000s\000\040\000\046\000\040\000F\000u\000n\000c\000t\000i\000o\000n\000a\000l\000i\000t\000y}{}% 5
\BOOKMARK [2][-]{subsection.3.1}{\376\377\000T\000w\000o\000-\000S\000t\000a\000g\000e\000\040\000D\000a\000t\000a\000\040\000P\000i\000p\000e\000l\000i\000n\000e}{section.3}% 6
\BOOKMARK [2][-]{subsection.3.2}{\376\377\000C\000o\000m\000p\000l\000e\000t\000e\000\040\000F\000e\000a\000t\000u\000r\000e\000\040\000R\000e\000f\000e\000r\000e\000n\000c\000e}{section.3}% 7
\BOOKMARK [1][-]{section.4}{\376\377\000U\000s\000e\000r\000\040\000I\000n\000t\000e\000r\000f\000a\000c\000e\000\040\000\046\000\040\000E\000x\000p\000e\000r\000i\000e\000n\000c\000e}{}% 8
\BOOKMARK [2][-]{subsection.4.1}{\376\377\000D\000e\000s\000i\000g\000n\000\040\000S\000y\000s\000t\000e\000m}{section.4}% 9
\BOOKMARK [2][-]{subsection.4.2}{\376\377\000P\000a\000g\000e\000\040\000L\000a\000y\000o\000u\000t}{section.4}% 10
\BOOKMARK [2][-]{subsection.4.3}{\376\377\000R\000e\000s\000p\000o\000n\000s\000i\000v\000e\000\040\000B\000e\000h\000a\000v\000i\000o\000u\000r}{section.4}% 11
\BOOKMARK [1][-]{section.5}{\376\377\000U\000s\000e\000r\000\040\000G\000u\000i\000d\000e}{}% 12
\BOOKMARK [2][-]{subsection.5.1}{\376\377\000G\000e\000t\000t\000i\000n\000g\000\040\000S\000t\000a\000r\000t\000e\000d}{section.5}% 13
\BOOKMARK [2][-]{subsection.5.2}{\376\377\000N\000a\000v\000i\000g\000a\000t\000i\000n\000g\000\040\000t\000h\000e\000\040\000D\000a\000s\000h\000b\000o\000a\000r\000d}{section.5}% 14
\BOOKMARK [2][-]{subsection.5.3}{\376\377\000S\000i\000g\000n\000i\000n\000g\000\040\000O\000u\000t}{section.5}% 15
\BOOKMARK [1][-]{section.6}{\376\377\000S\000e\000c\000u\000r\000i\000t\000y\000\040\000M\000o\000d\000e\000l}{}% 16
\BOOKMARK [1][-]{section.7}{\376\377\000D\000e\000p\000l\000o\000y\000m\000e\000n\000t\000\040\000\046\000\040\000C\000I\000/\000C\000D}{}% 17
\BOOKMARK [2][-]{subsection.7.1}{\376\377\000O\000n\000e\000-\000C\000o\000m\000m\000a\000n\000d\000\040\000D\000e\000p\000l\000o\000y\000\040\000P\000i\000p\000e\000l\000i\000n\000e}{section.7}% 18
\BOOKMARK [2][-]{subsection.7.2}{\376\377\000I\000n\000f\000r\000a\000s\000t\000r\000u\000c\000t\000u\000r\000e\000\040\000C\000o\000s\000t}{section.7}% 19
\BOOKMARK [1][-]{section.8}{\376\377\000P\000e\000r\000f\000o\000r\000m\000a\000n\000c\000e}{}% 20
\BOOKMARK [1][-]{section.9}{\376\377\000L\000i\000m\000i\000t\000a\000t\000i\000o\000n\000s\000\040\000\046\000\040\000R\000o\000a\000d\000m\000a\000p}{}% 21
\BOOKMARK [2][-]{subsection.9.1}{\376\377\000C\000u\000r\000r\000e\000n\000t\000\040\000L\000i\000m\000i\000t\000a\000t\000i\000o\000n\000s}{section.9}% 22
\BOOKMARK [2][-]{subsection.9.2}{\376\377\000R\000o\000a\000d\000m\000a\000p}{section.9}% 23
\BOOKMARK [1][-]{section.10}{\376\377\000C\000o\000n\000c\000l\000u\000s\000i\000o\000n}{}% 24
